
> workflow_backend@1.0.0 test:full
> tsx src/master-test.ts

≡ƒÅü Starting Complete System Test Suite...

≡ƒöì [1/4] Checking Connections...
Γ£à Connected Services: gmail, drive, sheets, docs

ΓÜí [2/4] Testing Instant Gmail Action...
Γ£à Instant Action: Email sent.

Γ¢ô∩╕Å [3/4] Testing Multi-Step Queued Flow...
Γ£à Flow Job Queued: b14bc3ae-d8c4-4869-b2c4-ccb9509eb820
Γä╣∩╕Å  The worker will now create a Doc and log it to Sheets in the background.

≡ƒñû [4/4] Registering Automated Trigger Flow...
Γ£à Automated Trigger Registered!

--- FINAL VERIFICATION STEPS ---
1. Check your email (Gmail)
2. Check your Drive (new Doc)
3. Check your Google Sheet (new rows)
4. SEND AN EMAIL TO YOURSELF TO TEST THE AUTO-TRIGGER (Wait 5 mins)

Γ£¿ Single-file test suite completed.
